------------------------------------------------------------
Timing Analyzer Summary
------------------------------------------------------------

Type  : Slow 1100mV 85C Model Setup 'CLOCK_50'
Slack : -5.610
TNS   : -148.248

Type  : Slow 1100mV 85C Model Hold 'CLOCK_50'
Slack : 0.228
TNS   : 0.000

Type  : Slow 1100mV 85C Model Minimum Pulse Width 'CLOCK_50'
Slack : -0.394
TNS   : -27.808

Type  : Slow 1100mV 0C Model Setup 'CLOCK_50'
Slack : -5.617
TNS   : -146.443

Type  : Slow 1100mV 0C Model Hold 'CLOCK_50'
Slack : 0.212
TNS   : 0.000

Type  : Slow 1100mV 0C Model Minimum Pulse Width 'CLOCK_50'
Slack : -0.394
TNS   : -29.866

Type  : Fast 1100mV 85C Model Setup 'CLOCK_50'
Slack : -2.828
TNS   : -67.419

Type  : Fast 1100mV 85C Model Hold 'CLOCK_50'
Slack : 0.133
TNS   : 0.000

Type  : Fast 1100mV 85C Model Minimum Pulse Width 'CLOCK_50'
Slack : -0.091
TNS   : -4.687

Type  : Fast 1100mV 0C Model Setup 'CLOCK_50'
Slack : -2.536
TNS   : -58.838

Type  : Fast 1100mV 0C Model Hold 'CLOCK_50'
Slack : 0.121
TNS   : 0.000

Type  : Fast 1100mV 0C Model Minimum Pulse Width 'CLOCK_50'
Slack : -0.090
TNS   : -4.645

------------------------------------------------------------
