------------------------------------------------------------
Timing Analyzer Summary
------------------------------------------------------------

Type  : Slow 1100mV 85C Model Setup 'CLOCK_50'
Slack : -2.452
TNS   : -78.079

Type  : Slow 1100mV 85C Model Hold 'CLOCK_50'
Slack : 0.372
TNS   : 0.000

Type  : Slow 1100mV 85C Model Minimum Pulse Width 'CLOCK_50'
Slack : -0.394
TNS   : -18.250

Type  : Slow 1100mV 0C Model Setup 'CLOCK_50'
Slack : -2.386
TNS   : -75.535

Type  : Slow 1100mV 0C Model Hold 'CLOCK_50'
Slack : 0.374
TNS   : 0.000

Type  : Slow 1100mV 0C Model Minimum Pulse Width 'CLOCK_50'
Slack : -0.394
TNS   : -19.980

Type  : Fast 1100mV 85C Model Setup 'CLOCK_50'
Slack : -1.049
TNS   : -30.965

Type  : Fast 1100mV 85C Model Hold 'CLOCK_50'
Slack : 0.179
TNS   : 0.000

Type  : Fast 1100mV 85C Model Minimum Pulse Width 'CLOCK_50'
Slack : -0.089
TNS   : -3.041

Type  : Fast 1100mV 0C Model Setup 'CLOCK_50'
Slack : -0.871
TNS   : -25.568

Type  : Fast 1100mV 0C Model Hold 'CLOCK_50'
Slack : 0.172
TNS   : 0.000

Type  : Fast 1100mV 0C Model Minimum Pulse Width 'CLOCK_50'
Slack : -0.086
TNS   : -2.961

------------------------------------------------------------
